
> platform-backend@1.0.0 start
> node src/server.js

✅ Postgres connected successfully
⏰ Initializing scheduled jobs...

━━━━━━━━━━━━━━━━━━━━━━━━━━━━━━━━━━━━━━━━
🚀 Server Started Successfully
━━━━━━━━━━━━━━━━━━━━━━━━━━━━━━━━━━━━━━━━
📍 Environment: development
🌐 Server: http://localhost:3001
📡 API Base: http://localhost:3001/api
🏥 Health Check: http://localhost:3001/api/health

Available Endpoints:
   Customer Login:  POST http://localhost:3001/api/v1/auth/customer/login
   Admin Login:   POST http://localhost:3001/api/v1/auth/admin/login
   Model Catalog: GET  http://localhost:3001/api/v1/customer/catalog/models
   Deployments:   POST http://localhost:3001/api/v1/customer/deployments
   Wallet:        GET  http://localhost:3001/api/v1/customer/wallet
   Analytics:     GET  http://localhost:3001/api/v1/admin/analytics/overview
━━━━━━━━━━━━━━━━━━━━━━━━━━━━━━━━━━━━━━━━

✅ Scheduled jobs initialized:
   • Hourly deployment billing — every hour
   • Low balance warnings — every hour
   • Debt collection — daily at 3 AM
   • Notification cleanup — daily at 4 AM
GET /api/v1/public/marketing/site
[CRON] Running Deployment Billing...
[CRON] Running Low Balance Warnings...
[CRON] Billing 3 deployment(s) — 0 running, 3 stopped (storage only)
[CRON] Hourly billing complete — 0 compute, 3 storage, 0 suspended for insufficient credit, 3 accruing storage debt
[CRON] Running Deployment Billing...
[CRON] Billing 3 deployment(s) — 0 running, 3 stopped (storage only)
[CRON] Hourly billing complete — 0 compute, 3 storage, 0 suspended for insufficient credit, 3 accruing storage debt
GET /api/v1/public/site
GET /api/v1/public/site
GET /api/v1/public/site
GET /api/v1/public/site
GET /api/v1/public/site
GET /api/v1/public/site
GET /api/v1/public/site
GET /api/v1/public/site
POST /api/v1/auth/customer/login
POST /api/v1/customer/teams
POST /api/v1/customer/teams/current/invitations
[EMAIL] SMTP transporter created > smtp.sendgrid.net:587 (pool, secure=false)
[EMAIL] Failed to send teamInvite: Invalid login: 451 Authentication failed: Maximum credits exceeded
POST /api/v1/auth/customer/login
POST /api/v1/customer/teams/current/invitations
GET /api/v1/public/site
GET /api/v1/public/site
GET /api/v1/public/site
GET /api/v1/public/site
POST /api/v1/auth/customer/login
[EMAIL] Failed to send teamInvite: Invalid login: 451 Authentication failed: Maximum credits exceeded
GET /api/v1/customer/wallet
GET /api/v1/customer/wallet/transactions
GET /api/v1/customer/deployments
GET /api/v1/customer/deployments
GET /api/v1/notifications
GET /api/v1/customer/deployments
GET /api/v1/notifications
GET /api/v1/customer/deployments
GET /api/v1/customer/wallet/transactions
GET /api/v1/customer/wallet
GET /api/v1/public/site
GET /api/v1/auth/customer/me
GET /api/v1/public/site
GET /api/v1/auth/customer/me
GET /api/v1/public/invitations/KE_8R2AjarHODCsYj1YZ4HPYIcyZPUFbq4jNPbvP0fk
GET /api/v1/public/invitations/KE_8R2AjarHODCsYj1YZ4HPYIcyZPUFbq4jNPbvP0fk
GET /api/v1/public/site
GET /api/v1/public/site
GET /api/v1/public/site
GET /api/v1/public/site
GET /api/v1/public/invitations/KE_8R2AjarHODCsYj1YZ4HPYIcyZPUFbq4jNPbvP0fk
GET /api/v1/public/invitations/KE_8R2AjarHODCsYj1YZ4HPYIcyZPUFbq4jNPbvP0fk
POST /api/v1/auth/customer/login
GET /api/v1/public/invitations/KE_8R2AjarHODCsYj1YZ4HPYIcyZPUFbq4jNPbvP0fk
GET /api/v1/public/invitations/KE_8R2AjarHODCsYj1YZ4HPYIcyZPUFbq4jNPbvP0fk
POST /api/v1/customer/invitations/accept
GET /api/v1/public/site
GET /api/v1/public/site
GET /api/v1/public/site
GET /api/v1/public/site
POST /api/v1/auth/customer/login
GET /api/v1/customer/wallet
GET /api/v1/customer/wallet/transactions
GET /api/v1/customer/deployments
GET /api/v1/customer/deployments
GET /api/v1/notifications
GET /api/v1/customer/wallet/transactions
GET /api/v1/customer/deployments
GET /api/v1/customer/wallet
GET /api/v1/customer/deployments
GET /api/v1/notifications
POST /api/v1/customer/teams/current/invitations
GET /api/v1/public/site
GET /api/v1/public/site
GET /api/v1/public/site
GET /api/v1/public/site
GET /api/v1/public/invitations/VYjoDIgohbKsCiQUwU7A6ZE-q7HMu7pzetSt5Dl3flM
GET /api/v1/public/invitations/VYjoDIgohbKsCiQUwU7A6ZE-q7HMu7pzetSt5Dl3flM
GET /api/v1/public/invitations/VYjoDIgohbKsCiQUwU7A6ZE-q7HMu7pzetSt5Dl3flM
GET /api/v1/public/invitations/VYjoDIgohbKsCiQUwU7A6ZE-q7HMu7pzetSt5Dl3flM
[EMAIL] Failed to send teamInvite: Invalid login: 451 Authentication failed: Maximum credits exceeded
GET /api/v1/public/site
GET /api/v1/auth/customer/me
GET /api/v1/public/site
GET /api/v1/auth/customer/me
GET /api/v1/customer/wallet
GET /api/v1/customer/deployments
GET /api/v1/customer/deployments
GET /api/v1/notifications
GET /api/v1/customer/deployments
GET /api/v1/customer/deployments
GET /api/v1/notifications
GET /api/v1/customer/wallet
GET /api/v1/notifications
GET /api/v1/customer/deployments
GET /api/v1/customer/deployments
GET /api/v1/customer/wallet
GET /api/v1/notifications
GET /api/v1/customer/deployments
GET /api/v1/customer/deployments
GET /api/v1/customer/wallet
GET /api/v1/customer/wallet
GET /api/v1/customer/deployments
GET /api/v1/customer/deployments
GET /api/v1/notifications
GET /api/v1/notifications
GET /api/v1/customer/deployments
GET /api/v1/customer/deployments
GET /api/v1/customer/wallet
GET /api/v1/customer/wallet
GET /api/v1/customer/deployments
GET /api/v1/customer/deployments
GET /api/v1/notifications
GET /api/v1/notifications
GET /api/v1/customer/deployments
GET /api/v1/customer/deployments
GET /api/v1/customer/wallet
GET /api/v1/customer/catalog/tiers
GET /api/v1/customer/deployments
GET /api/v1/notifications
GET /api/v1/customer/catalog/tiers
GET /api/v1/customer/deployments
GET /api/v1/notifications
GET /api/v1/customer/catalog/models
GET /api/v1/customer/catalog/models
PUT /api/v1/auth/customer/me/language
GET /api/v1/notifications
GET /api/v1/customer/catalog/models
GET /api/v1/customer/wallet
GET /api/v1/customer/wallet/transactions
GET /api/v1/customer/deployments
GET /api/v1/customer/deployments
GET /api/v1/notifications
GET /api/v1/customer/wallet/transactions
GET /api/v1/customer/deployments
GET /api/v1/customer/wallet
PUT /api/v1/auth/customer/me/language
GET /api/v1/notifications
GET /api/v1/customer/wallet
GET /api/v1/customer/wallet/transactions
GET /api/v1/customer/deployments
[CRON] Running Deployment Billing...
[CRON] Billing 3 deployment(s) — 0 running, 3 stopped (storage only)
[CRON] Hourly billing complete — 0 compute, 3 storage, 0 suspended for insufficient credit, 3 accruing storage debt
[CRON] Running Deployment Billing...
[CRON] Billing 3 deployment(s) — 0 running, 3 stopped (storage only)
[CRON] Hourly billing complete — 0 compute, 3 storage, 0 suspended for insufficient credit, 3 accruing storage debt
GET /api/v1/auth/customer/me
GET /api/v1/customer/wallet
GET /api/v1/customer/wallet/transactions
GET /api/v1/customer/deployments
GET /api/v1/customer/deployments
GET /api/v1/notifications
GET /api/v1/customer/wallet
GET /api/v1/customer/wallet/transactions
GET /api/v1/notifications
GET /api/v1/customer/deployments
GET /api/v1/customer/deployments
GET /api/v1/customer/teams
GET /api/v1/customer/teams/current
GET /api/v1/customer/teams/current
GET /api/v1/customer/teams
GET /api/v1/customer/wallet
GET /api/v1/customer/wallet/transactions
GET /api/v1/customer/deployments
GET /api/v1/customer/deployments
GET /api/v1/notifications
GET /api/v1/customer/wallet
GET /api/v1/customer/wallet/transactions
GET /api/v1/notifications
GET /api/v1/customer/deployments
GET /api/v1/customer/deployments
GET /api/v1/customer/wallet
GET /api/v1/customer/wallet/transactions
GET /api/v1/customer/deployments
GET /api/v1/customer/deployments
GET /api/v1/notifications
GET /api/v1/customer/wallet/transactions
GET /api/v1/customer/deployments
GET /api/v1/customer/deployments
GET /api/v1/notifications
GET /api/v1/customer/wallet
GET /api/v1/auth/customer/me
GET /api/v1/customer/teams
GET /api/v1/customer/teams/current
GET /api/v1/auth/customer/me
GET /api/v1/customer/teams/current
GET /api/v1/customer/teams
GET /api/v1/customer/wallet
GET /api/v1/customer/wallet/transactions
GET /api/v1/customer/deployments
GET /api/v1/customer/deployments
GET /api/v1/notifications
GET /api/v1/notifications
GET /api/v1/customer/wallet/transactions
GET /api/v1/customer/wallet
GET /api/v1/customer/deployments
GET /api/v1/customer/deployments
GET /api/v1/auth/customer/me
GET /api/v1/customer/teams
GET /api/v1/customer/teams/current
GET /api/v1/auth/customer/me
GET /api/v1/customer/teams/current
GET /api/v1/customer/teams
GET /api/v1/customer/wallet
GET /api/v1/customer/wallet/transactions
GET /api/v1/customer/deployments
GET /api/v1/customer/deployments
GET /api/v1/notifications
GET /api/v1/customer/wallet/transactions
GET /api/v1/customer/deployments
GET /api/v1/notifications
GET /api/v1/customer/deployments
GET /api/v1/customer/wallet
GET /api/v1/customer/wallet
GET /api/v1/customer/wallet/transactions
GET /api/v1/customer/deployments
[CRON] Running Deployment Billing...
[CRON] Billing 3 deployment(s) — 0 running, 3 stopped (storage only)
[CRON] Hourly billing complete — 0 compute, 3 storage, 0 suspended for insufficient credit, 3 accruing storage debt
GET /api/v1/admin/settings
GET /api/v1/auth/admin/me
GET /api/v1/auth/admin/me
GET /api/v1/admin/settings
GET /api/v1/admin/settings/email-templates
GET /api/v1/admin/settings
GET /api/v1/notifications
GET /api/v1/admin/settings/email-blocking/domains
GET /api/v1/admin/settings/email-templates
GET /api/v1/admin/settings
GET /api/v1/admin/settings
GET /api/v1/admin/settings/email-templates
GET /api/v1/admin/settings/email-blocking/domains
GET /api/v1/notifications
GET /api/v1/admin/settings/billing
GET /api/v1/admin/settings/billing
GET /api/v1/admin/settings/billing
GET /api/v1/admin/customers
GET /api/v1/admin/customers
GET /api/v1/admin/customers/9156ed36-6735-4e03-babd-58570d220616
GET /api/v1/admin/customers/9156ed36-6735-4e03-babd-58570d220616/login-history
GET /api/v1/admin/customers/9156ed36-6735-4e03-babd-58570d220616/payments
GET /api/v1/admin/customers/9156ed36-6735-4e03-babd-58570d220616/deployments
GET /api/v1/admin/customers/9156ed36-6735-4e03-babd-58570d220616/payment-methods
GET /api/v1/admin/wallets/9156ed36-6735-4e03-babd-58570d220616
GET /api/v1/admin/customers/9156ed36-6735-4e03-babd-58570d220616/notifications
GET /api/v1/admin/customers/9156ed36-6735-4e03-babd-58570d220616/notes
GET /api/v1/admin/customers/9156ed36-6735-4e03-babd-58570d220616/login-history
GET /api/v1/admin/customers/9156ed36-6735-4e03-babd-58570d220616/deployments
GET /api/v1/admin/customers/9156ed36-6735-4e03-babd-58570d220616/payment-methods
GET /api/v1/admin/wallets/9156ed36-6735-4e03-babd-58570d220616
GET /api/v1/admin/customers/9156ed36-6735-4e03-babd-58570d220616/payments
GET /api/v1/admin/customers/9156ed36-6735-4e03-babd-58570d220616
GET /api/v1/admin/customers/9156ed36-6735-4e03-babd-58570d220616/notifications
GET /api/v1/admin/customers/9156ed36-6735-4e03-babd-58570d220616/notes
GET /api/v1/notifications
GET /api/v1/notifications
GET /api/v1/notifications
GET /api/v1/notifications
GET /api/v1/customer/wallet
GET /api/v1/customer/wallet/transactions
GET /api/v1/customer/deployments
GET /api/v1/customer/deployments
GET /api/v1/notifications
GET /api/v1/customer/deployments
GET /api/v1/customer/wallet
GET /api/v1/customer/wallet/transactions
GET /api/v1/notifications
GET /api/v1/public/site
GET /api/v1/public/site
GET /api/v1/public/site
GET /api/v1/auth/customer/me
GET /api/v1/public/site
GET /api/v1/customer/teams
GET /api/v1/customer/teams/current
GET /api/v1/auth/customer/me
GET /api/v1/customer/teams/current
GET /api/v1/customer/teams
GET /api/v1/customer/wallet
GET /api/v1/customer/wallet/transactions
GET /api/v1/customer/deployments
GET /api/v1/customer/deployments
GET /api/v1/notifications
GET /api/v1/customer/deployments
GET /api/v1/customer/wallet/transactions
GET /api/v1/notifications
GET /api/v1/customer/wallet
GET /api/v1/customer/deployments
GET /api/v1/notifications
GET /api/v1/notifications
GET /api/v1/public/site
GET /api/v1/public/site
GET /api/v1/public/site
GET /api/v1/notifications
POST /api/v1/auth/customer/login
GET /api/v1/customer/teams
GET /api/v1/customer/teams/current
GET /api/v1/customer/wallet
GET /api/v1/customer/wallet/transactions
GET /api/v1/customer/deployments
GET /api/v1/customer/deployments
GET /api/v1/notifications
GET /api/v1/customer/wallet/transactions
GET /api/v1/customer/deployments
GET /api/v1/customer/deployments
GET /api/v1/customer/wallet
GET /api/v1/notifications
GET /api/v1/public/site
GET /api/v1/public/site
GET /api/v1/public/site
GET /api/v1/public/site
POST /api/v1/auth/customer/login
GET /api/v1/customer/teams
GET /api/v1/customer/teams/current
GET /api/v1/customer/wallet
GET /api/v1/customer/wallet/transactions
GET /api/v1/customer/deployments
GET /api/v1/customer/deployments
GET /api/v1/notifications
GET /api/v1/customer/wallet/transactions
GET /api/v1/notifications
GET /api/v1/customer/deployments
GET /api/v1/customer/deployments
GET /api/v1/customer/wallet
GET /api/v1/customer/deployments
GET /api/v1/customer/teams
GET /api/v1/customer/teams/current
GET /api/v1/customer/wallet
GET /api/v1/customer/wallet/transactions
GET /api/v1/customer/deployments
GET /api/v1/customer/wallet/transactions
GET /api/v1/customer/deployments
GET /api/v1/customer/wallet
GET /api/v1/public/site
GET /api/v1/auth/customer/me
GET /api/v1/public/site
GET /api/v1/auth/customer/me
GET /api/v1/customer/deployments
GET /api/v1/customer/teams
GET /api/v1/customer/teams/current
GET /api/v1/notifications
GET /api/v1/customer/teams/current
GET /api/v1/customer/teams
GET /api/v1/notifications
GET /api/v1/customer/deployments
GET /api/v1/customer/deployments
GET /api/v1/notifications
GET /api/v1/auth/customer/me
GET /api/v1/public/site
GET /api/v1/auth/customer/me
GET /api/v1/public/site
GET /api/v1/customer/deployments
GET /api/v1/notifications
GET /api/v1/customer/teams
GET /api/v1/customer/teams/current
GET /api/v1/customer/teams/current
GET /api/v1/notifications
GET /api/v1/customer/teams
GET /api/v1/customer/deployments
GET /api/v1/customer/deployments
GET /api/v1/notifications
GET /api/v1/notifications
GET /api/v1/customer/deployments
GET /api/v1/customer/deployments
GET /api/v1/customer/teams/current/members
GET /api/v1/notifications
GET /api/v1/customer/teams/current/invitations
GET /api/v1/customer/teams/current/members
GET /api/v1/notifications
GET /api/v1/customer/deployments
GET /api/v1/customer/teams/current/invitations
POST /api/v1/customer/teams/current/invitations
GET /api/v1/customer/teams/current/members
GET /api/v1/customer/teams/current/invitations
[EMAIL] Failed to send teamInvite: Invalid login: 451 Authentication failed: Maximum credits exceeded
GET /api/v1/customer/deployments
GET /api/v1/customer/teams
GET /api/v1/customer/teams/current
GET /api/v1/customer/deployments
GET /api/v1/notifications
GET /api/v1/customer/wallet
GET /api/v1/customer/deployments
GET /api/v1/customer/wallet/transactions
GET /api/v1/notifications
GET /api/v1/customer/deployments
GET /api/v1/customer/wallet/transactions
GET /api/v1/customer/deployments
GET /api/v1/customer/wallet
GET /api/v1/public/site
GET /api/v1/public/site
GET /api/v1/public/site
GET /api/v1/public/site
POST /api/v1/auth/customer/login
GET /api/v1/customer/teams
GET /api/v1/customer/teams/current
GET /api/v1/customer/wallet
GET /api/v1/customer/wallet/transactions
GET /api/v1/customer/deployments
GET /api/v1/customer/deployments
GET /api/v1/notifications
GET /api/v1/customer/deployments
GET /api/v1/notifications
GET /api/v1/customer/wallet/transactions
GET /api/v1/customer/deployments
GET /api/v1/customer/wallet
GET /api/v1/public/site
GET /api/v1/auth/customer/me
GET /api/v1/auth/customer/me
GET /api/v1/public/site
GET /api/v1/customer/deployments
GET /api/v1/notifications
GET /api/v1/customer/teams
GET /api/v1/customer/teams/current
GET /api/v1/customer/teams/current
GET /api/v1/notifications
GET /api/v1/customer/teams
GET /api/v1/customer/deployments
GET /api/v1/customer/deployments
GET /api/v1/notifications
GET /api/v1/notifications
GET /api/v1/customer/deployments
GET /api/v1/customer/deployments
GET /api/v1/customer/deployments
GET /api/v1/notifications
GET /api/v1/notifications
GET /api/v1/customer/deployments
GET /api/v1/customer/deployments
GET /api/v1/auth/customer/me
GET /api/v1/public/site
GET /api/v1/public/site
GET /api/v1/auth/customer/me
GET /api/v1/customer/deployments
GET /api/v1/notifications
GET /api/v1/customer/teams
GET /api/v1/customer/teams/current
GET /api/v1/customer/teams/current
GET /api/v1/notifications
GET /api/v1/customer/teams
GET /api/v1/customer/deployments
GET /api/v1/customer/deployments
GET /api/v1/notifications
GET /api/v1/notifications
GET /api/v1/customer/deployments
GET /api/v1/customer/deployments
GET /api/v1/notifications
GET /api/v1/notifications
GET /api/v1/customer/deployments
GET /api/v1/customer/deployments
GET /api/v1/customer/deployments
GET /api/v1/notifications
GET /api/v1/customer/deployments
GET /api/v1/public/site
GET /api/v1/auth/customer/me
GET /api/v1/public/site
GET /api/v1/auth/customer/me
GET /api/v1/customer/deployments
GET /api/v1/customer/teams
GET /api/v1/notifications
GET /api/v1/customer/teams/current
GET /api/v1/customer/teams/current
GET /api/v1/customer/teams
GET /api/v1/notifications
GET /api/v1/customer/deployments
GET /api/v1/customer/deployments
GET /api/v1/notifications
GET /api/v1/notifications
GET /api/v1/customer/deployments
GET /api/v1/customer/deployments
GET /api/v1/notifications
GET /api/v1/customer/deployments
GET /api/v1/notifications
GET /api/v1/customer/deployments
GET /api/v1/customer/deployments
GET /api/v1/auth/customer/me
GET /api/v1/public/site
GET /api/v1/public/site
GET /api/v1/auth/customer/me
GET /api/v1/customer/deployments
GET /api/v1/notifications
GET /api/v1/customer/teams
GET /api/v1/customer/teams/current
GET /api/v1/customer/teams/current
GET /api/v1/notifications
GET /api/v1/customer/teams
GET /api/v1/customer/deployments
GET /api/v1/customer/deployments
GET /api/v1/notifications
GET /api/v1/notifications
GET /api/v1/customer/deployments
GET /api/v1/customer/deployments
GET /api/v1/notifications
GET /api/v1/customer/deployments/0844fc41-1d23-48f1-9c39-bde4562ed111
GET /api/v1/notifications
GET /api/v1/customer/deployments
GET /api/v1/customer/deployments/0844fc41-1d23-48f1-9c39-bde4562ed111
GET /api/v1/customer/deployments/0844fc41-1d23-48f1-9c39-bde4562ed111/usage
GET /api/v1/customer/deployments/0844fc41-1d23-48f1-9c39-bde4562ed111/usage
GET /api/v1/public/site
GET /api/v1/auth/customer/me
GET /api/v1/auth/customer/me
GET /api/v1/public/site
GET /api/v1/customer/deployments
GET /api/v1/notifications
GET /api/v1/customer/teams
GET /api/v1/customer/teams/current
GET /api/v1/customer/teams/current
GET /api/v1/customer/teams
GET /api/v1/notifications
GET /api/v1/customer/deployments
GET /api/v1/customer/deployments
GET /api/v1/notifications
GET /api/v1/notifications
GET /api/v1/customer/deployments
GET /api/v1/customer/teams/current/members
GET /api/v1/customer/deployments
GET /api/v1/notifications
GET /api/v1/customer/teams/current/members
GET /api/v1/notifications
GET /api/v1/customer/deployments
GET /api/v1/public/site
GET /api/v1/public/site
GET /api/v1/public/site
GET /api/v1/public/site
POST /api/v1/auth/customer/login
GET /api/v1/customer/teams
GET /api/v1/customer/teams/current
GET /api/v1/customer/wallet
GET /api/v1/customer/wallet/transactions
GET /api/v1/customer/deployments
GET /api/v1/customer/deployments
GET /api/v1/notifications
GET /api/v1/customer/wallet/transactions
GET /api/v1/notifications
GET /api/v1/customer/deployments
GET /api/v1/customer/deployments
GET /api/v1/customer/wallet
GET /api/v1/public/site
GET /api/v1/auth/customer/me
GET /api/v1/auth/customer/me
GET /api/v1/public/site
GET /api/v1/customer/deployments
GET /api/v1/notifications
GET /api/v1/customer/teams
GET /api/v1/customer/teams/current
GET /api/v1/customer/teams/current
GET /api/v1/customer/teams
GET /api/v1/notifications
GET /api/v1/customer/deployments
GET /api/v1/customer/deployments
GET /api/v1/notifications
GET /api/v1/notifications
GET /api/v1/customer/deployments
GET /api/v1/customer/deployments
GET /api/v1/customer/deployments/0844fc41-1d23-48f1-9c39-bde4562ed111
GET /api/v1/notifications
GET /api/v1/notifications
GET /api/v1/customer/deployments
GET /api/v1/customer/deployments/0844fc41-1d23-48f1-9c39-bde4562ed111
GET /api/v1/customer/deployments/0844fc41-1d23-48f1-9c39-bde4562ed111/usage
GET /api/v1/customer/deployments/0844fc41-1d23-48f1-9c39-bde4562ed111/usage
GET /api/v1/auth/customer/me
GET /api/v1/public/site
GET /api/v1/public/site
GET /api/v1/auth/customer/me
GET /api/v1/customer/deployments
GET /api/v1/notifications
GET /api/v1/customer/teams
GET /api/v1/customer/teams/current
GET /api/v1/customer/teams/current
GET /api/v1/notifications
GET /api/v1/customer/teams
GET /api/v1/customer/deployments
GET /api/v1/customer/deployments
GET /api/v1/notifications
GET /api/v1/notifications
GET /api/v1/customer/deployments
GET /api/v1/customer/deployments
GET /api/v1/notifications
GET /api/v1/notifications
GET /api/v1/customer/deployments
GET /api/v1/customer/deployments
GET /api/v1/notifications
GET /api/v1/customer/deployments
GET /api/v1/customer/deployments
GET /api/v1/public/site
GET /api/v1/public/site
GET /api/v1/public/site
GET /api/v1/public/site
POST /api/v1/auth/customer/login
GET /api/v1/customer/teams
GET /api/v1/customer/teams/current
GET /api/v1/customer/wallet
GET /api/v1/customer/wallet/transactions
GET /api/v1/customer/deployments
GET /api/v1/customer/deployments
GET /api/v1/notifications
GET /api/v1/notifications
GET /api/v1/customer/wallet/transactions
GET /api/v1/customer/deployments
GET /api/v1/customer/deployments
GET /api/v1/customer/wallet
GET /api/v1/notifications
GET /api/v1/public/site
GET /api/v1/auth/customer/me
GET /api/v1/public/site
GET /api/v1/auth/customer/me
GET /api/v1/customer/deployments
GET /api/v1/notifications
GET /api/v1/customer/teams
GET /api/v1/customer/teams/current
GET /api/v1/customer/teams/current
GET /api/v1/notifications
GET /api/v1/customer/teams
GET /api/v1/customer/deployments
GET /api/v1/customer/deployments
GET /api/v1/notifications
GET /api/v1/notifications
GET /api/v1/customer/deployments
GET /api/v1/customer/wallet
GET /api/v1/customer/deployments
GET /api/v1/customer/deployments
GET /api/v1/notifications
GET /api/v1/customer/billing/usage
GET /api/v1/customer/billing/usage
GET /api/v1/notifications
GET /api/v1/customer/deployments
GET /api/v1/customer/deployments
GET /api/v1/customer/wallet
GET /api/v1/customer/billing/usage
GET /api/v1/customer/billing/usage
GET /api/v1/auth/customer/me
GET /api/v1/public/site
GET /api/v1/auth/customer/me
GET /api/v1/public/site
GET /api/v1/customer/deployments
GET /api/v1/notifications
GET /api/v1/customer/teams
GET /api/v1/customer/teams/current
GET /api/v1/customer/teams/current
GET /api/v1/notifications
GET /api/v1/customer/teams
GET /api/v1/customer/deployments
GET /api/v1/customer/deployments
GET /api/v1/notifications
GET /api/v1/notifications
GET /api/v1/customer/deployments
GET /api/v1/customer/deployments
GET /api/v1/notifications
GET /api/v1/customer/deployments/0844fc41-1d23-48f1-9c39-bde4562ed111
GET /api/v1/notifications
GET /api/v1/customer/deployments
GET /api/v1/customer/deployments/0844fc41-1d23-48f1-9c39-bde4562ed111
GET /api/v1/customer/wallet
GET /api/v1/customer/deployments/0844fc41-1d23-48f1-9c39-bde4562ed111/usage
GET /api/v1/customer/wallet
GET /api/v1/customer/deployments/0844fc41-1d23-48f1-9c39-bde4562ed111/usage
GET /api/v1/public/site
GET /api/v1/public/site
GET /api/v1/public/site
GET /api/v1/public/site
POST /api/v1/auth/customer/login
GET /api/v1/customer/teams
GET /api/v1/customer/teams/current
GET /api/v1/customer/wallet
GET /api/v1/customer/wallet/transactions
GET /api/v1/customer/deployments
GET /api/v1/notifications
GET /api/v1/customer/deployments
GET /api/v1/customer/wallet/transactions
GET /api/v1/customer/wallet
GET /api/v1/notifications
GET /api/v1/customer/deployments
GET /api/v1/customer/deployments
GET /api/v1/public/site
GET /api/v1/auth/customer/me
GET /api/v1/auth/customer/me
GET /api/v1/public/site
GET /api/v1/customer/deployments
GET /api/v1/notifications
GET /api/v1/customer/teams
GET /api/v1/customer/teams/current
GET /api/v1/customer/teams/current
GET /api/v1/customer/teams
GET /api/v1/notifications
GET /api/v1/customer/deployments
GET /api/v1/customer/deployments
GET /api/v1/notifications
GET /api/v1/notifications
GET /api/v1/customer/deployments
GET /api/v1/customer/deployments
GET /api/v1/notifications
GET /api/v1/customer/deployments
GET /api/v1/notifications
GET /api/v1/customer/deployments
GET /api/v1/customer/deployments
GET /api/v1/auth/customer/me
GET /api/v1/public/site
GET /api/v1/public/site
GET /api/v1/auth/customer/me
GET /api/v1/customer/deployments
GET /api/v1/notifications
GET /api/v1/customer/teams
GET /api/v1/customer/teams/current
GET /api/v1/customer/deployments
GET /api/v1/customer/teams
GET /api/v1/customer/teams/current
GET /api/v1/notifications
GET /api/v1/customer/teams
GET /api/v1/customer/teams/current
GET /api/v1/customer/wallet
GET /api/v1/customer/deployments
GET /api/v1/customer/deployments
GET /api/v1/notifications
GET /api/v1/customer/wallet
GET /api/v1/notifications
GET /api/v1/customer/deployments
GET /api/v1/customer/deployments
GET /api/v1/public/site
GET /api/v1/public/site
GET /api/v1/public/site
POST /api/v1/auth/customer/login
GET /api/v1/customer/teams
GET /api/v1/customer/teams/current
GET /api/v1/customer/wallet
GET /api/v1/customer/wallet/transactions
GET /api/v1/customer/deployments
GET /api/v1/customer/deployments
GET /api/v1/notifications
GET /api/v1/customer/wallet/transactions
GET /api/v1/customer/deployments
GET /api/v1/customer/deployments
GET /api/v1/customer/wallet
GET /api/v1/notifications
GET /api/v1/public/site
GET /api/v1/public/site
GET /api/v1/public/site
GET /api/v1/public/site
POST /api/v1/auth/customer/login
GET /api/v1/customer/teams
GET /api/v1/customer/teams/current
GET /api/v1/customer/wallet
GET /api/v1/customer/wallet/transactions
GET /api/v1/customer/deployments
GET /api/v1/customer/deployments
GET /api/v1/notifications
GET /api/v1/customer/wallet/transactions
GET /api/v1/notifications
GET /api/v1/customer/deployments
GET /api/v1/customer/deployments
GET /api/v1/customer/wallet
GET /api/v1/customer/deployments
GET /api/v1/customer/teams
GET /api/v1/customer/teams/current
GET /api/v1/customer/wallet
GET /api/v1/customer/wallet/transactions
GET /api/v1/customer/deployments
GET /api/v1/customer/wallet/transactions
GET /api/v1/customer/deployments
GET /api/v1/customer/wallet
GET /api/v1/public/site
GET /api/v1/auth/customer/me
GET /api/v1/public/site
GET /api/v1/auth/customer/me
GET /api/v1/customer/deployments
GET /api/v1/customer/teams
GET /api/v1/customer/teams/current
GET /api/v1/notifications
GET /api/v1/customer/teams/current
GET /api/v1/customer/teams
GET /api/v1/notifications
GET /api/v1/customer/deployments
GET /api/v1/customer/deployments
GET /api/v1/notifications
GET /api/v1/notifications
GET /api/v1/customer/deployments
GET /api/v1/customer/wallet
GET /api/v1/customer/deployments
GET /api/v1/customer/deployments
GET /api/v1/notifications
GET /api/v1/notifications
GET /api/v1/customer/deployments
GET /api/v1/customer/wallet
GET /api/v1/customer/deployments
GET /api/v1/auth/customer/me
GET /api/v1/public/site
GET /api/v1/public/site
GET /api/v1/auth/customer/me
GET /api/v1/notifications
GET /api/v1/customer/deployments
GET /api/v1/customer/teams
GET /api/v1/customer/teams/current
GET /api/v1/customer/teams/current
GET /api/v1/notifications
GET /api/v1/customer/teams
GET /api/v1/customer/deployments
GET /api/v1/customer/deployments
GET /api/v1/notifications
GET /api/v1/notifications
GET /api/v1/customer/deployments
GET /api/v1/customer/teams/current/members
GET /api/v1/customer/deployments
GET /api/v1/notifications
GET /api/v1/customer/teams/current/invitations
GET /api/v1/customer/teams/current/members
GET /api/v1/notifications
GET /api/v1/customer/teams/current/invitations
GET /api/v1/customer/deployments
GET /api/v1/notifications
POST /api/v1/customer/teams/current/invitations
GET /api/v1/customer/teams/current/members
GET /api/v1/customer/teams/current/invitations
[EMAIL] Failed to send teamInvite: Invalid login: 451 Authentication failed: Maximum credits exceeded
GET /api/v1/customer/deployments
GET /api/v1/customer/teams
GET /api/v1/customer/teams/current
GET /api/v1/customer/deployments
GET /api/v1/notifications
GET /api/v1/customer/wallet
GET /api/v1/customer/deployments
GET /api/v1/customer/wallet/transactions
GET /api/v1/notifications
GET /api/v1/customer/deployments
GET /api/v1/customer/wallet/transactions
GET /api/v1/customer/wallet
GET /api/v1/customer/deployments
GET /api/v1/public/site
GET /api/v1/public/site
GET /api/v1/public/site
GET /api/v1/public/site
POST /api/v1/auth/customer/login
GET /api/v1/customer/teams
GET /api/v1/customer/teams/current
GET /api/v1/customer/wallet
GET /api/v1/customer/wallet/transactions
GET /api/v1/customer/deployments
GET /api/v1/customer/deployments
GET /api/v1/notifications
GET /api/v1/customer/wallet/transactions
GET /api/v1/notifications
GET /api/v1/customer/deployments
GET /api/v1/customer/deployments
GET /api/v1/customer/wallet
GET /api/v1/public/site
GET /api/v1/auth/customer/me
GET /api/v1/auth/customer/me
GET /api/v1/public/site
GET /api/v1/customer/deployments
GET /api/v1/notifications
GET /api/v1/customer/teams
GET /api/v1/customer/teams/current
GET /api/v1/customer/teams/current
GET /api/v1/notifications
GET /api/v1/customer/teams
GET /api/v1/customer/deployments
GET /api/v1/customer/deployments
GET /api/v1/notifications
GET /api/v1/customer/deployments
GET /api/v1/notifications
GET /api/v1/customer/deployments
GET /api/v1/notifications
GET /api/v1/customer/deployments
GET /api/v1/notifications
GET /api/v1/customer/deployments
GET /api/v1/customer/deployments
GET /api/v1/auth/customer/me
GET /api/v1/public/site
GET /api/v1/public/site
GET /api/v1/auth/customer/me
GET /api/v1/customer/deployments
GET /api/v1/notifications
GET /api/v1/customer/teams
GET /api/v1/customer/teams/current
GET /api/v1/customer/teams/current
GET /api/v1/customer/teams
GET /api/v1/notifications
GET /api/v1/customer/deployments
GET /api/v1/customer/deployments
GET /api/v1/notifications
GET /api/v1/notifications
GET /api/v1/customer/deployments
GET /api/v1/customer/deployments
GET /api/v1/notifications
GET /api/v1/notifications
GET /api/v1/customer/deployments
GET /api/v1/customer/deployments
GET /api/v1/customer/deployments
GET /api/v1/notifications
GET /api/v1/customer/deployments
GET /api/v1/public/site
GET /api/v1/auth/customer/me
GET /api/v1/auth/customer/me
GET /api/v1/public/site
GET /api/v1/customer/deployments
GET /api/v1/notifications
GET /api/v1/customer/teams
GET /api/v1/customer/teams/current
GET /api/v1/customer/teams/current
GET /api/v1/notifications
GET /api/v1/customer/teams
GET /api/v1/customer/deployments
GET /api/v1/customer/deployments
GET /api/v1/notifications
GET /api/v1/notifications
GET /api/v1/customer/deployments
GET /api/v1/customer/deployments
GET /api/v1/customer/deployments
GET /api/v1/notifications
GET /api/v1/notifications
GET /api/v1/customer/deployments
GET /api/v1/customer/deployments
GET /api/v1/auth/customer/me
GET /api/v1/public/site
GET /api/v1/auth/customer/me
GET /api/v1/public/site
GET /api/v1/customer/deployments
GET /api/v1/notifications
GET /api/v1/customer/teams
GET /api/v1/customer/teams/current
GET /api/v1/customer/teams/current
GET /api/v1/notifications
GET /api/v1/customer/teams
GET /api/v1/customer/deployments
GET /api/v1/customer/deployments
GET /api/v1/notifications
GET /api/v1/notifications
GET /api/v1/customer/deployments
GET /api/v1/customer/deployments/10fe2a4c-e662-4965-9dcf-3933f6d00eaa
GET /api/v1/customer/deployments
GET /api/v1/notifications
GET /api/v1/notifications
GET /api/v1/customer/deployments
GET /api/v1/customer/deployments/10fe2a4c-e662-4965-9dcf-3933f6d00eaa
GET /api/v1/customer/deployments/10fe2a4c-e662-4965-9dcf-3933f6d00eaa/usage
GET /api/v1/customer/deployments/10fe2a4c-e662-4965-9dcf-3933f6d00eaa/usage
GET /api/v1/auth/customer/me
GET /api/v1/public/site
GET /api/v1/auth/customer/me
GET /api/v1/public/site
GET /api/v1/customer/teams
GET /api/v1/customer/deployments
GET /api/v1/notifications
GET /api/v1/customer/teams/current
GET /api/v1/customer/teams/current
GET /api/v1/customer/teams
GET /api/v1/notifications
GET /api/v1/customer/deployments
GET /api/v1/customer/deployments
GET /api/v1/notifications
GET /api/v1/notifications
GET /api/v1/customer/deployments
GET /api/v1/customer/deployments
GET /api/v1/customer/teams/current/members
GET /api/v1/notifications
GET /api/v1/customer/teams/current/members
GET /api/v1/notifications
GET /api/v1/customer/deployments
GET /api/v1/public/site
GET /api/v1/public/site
GET /api/v1/public/site
GET /api/v1/public/site
POST /api/v1/auth/customer/login
GET /api/v1/customer/teams
GET /api/v1/customer/teams/current
GET /api/v1/customer/wallet
GET /api/v1/customer/wallet/transactions
GET /api/v1/customer/deployments
GET /api/v1/customer/deployments
GET /api/v1/notifications
GET /api/v1/customer/wallet/transactions
GET /api/v1/notifications
GET /api/v1/customer/deployments
GET /api/v1/customer/deployments
GET /api/v1/customer/wallet
GET /api/v1/public/site
GET /api/v1/auth/customer/me
GET /api/v1/public/site
GET /api/v1/auth/customer/me
GET /api/v1/customer/deployments
GET /api/v1/notifications
GET /api/v1/customer/teams
GET /api/v1/customer/teams/current
GET /api/v1/customer/teams/current
GET /api/v1/notifications
GET /api/v1/customer/teams
GET /api/v1/customer/deployments
GET /api/v1/customer/deployments
GET /api/v1/notifications
GET /api/v1/notifications
GET /api/v1/customer/deployments
GET /api/v1/customer/deployments
GET /api/v1/customer/deployments/10fe2a4c-e662-4965-9dcf-3933f6d00eaa
GET /api/v1/notifications
GET /api/v1/notifications
GET /api/v1/customer/deployments
GET /api/v1/customer/deployments/10fe2a4c-e662-4965-9dcf-3933f6d00eaa
GET /api/v1/customer/deployments/10fe2a4c-e662-4965-9dcf-3933f6d00eaa/usage
GET /api/v1/customer/deployments/10fe2a4c-e662-4965-9dcf-3933f6d00eaa/usage
GET /api/v1/auth/customer/me
GET /api/v1/public/site
GET /api/v1/public/site
GET /api/v1/auth/customer/me
GET /api/v1/customer/deployments
GET /api/v1/notifications
GET /api/v1/customer/teams
GET /api/v1/customer/teams/current
GET /api/v1/customer/teams/current
GET /api/v1/notifications
GET /api/v1/customer/teams
GET /api/v1/customer/deployments
GET /api/v1/customer/deployments
GET /api/v1/notifications
GET /api/v1/notifications
GET /api/v1/customer/deployments
GET /api/v1/customer/deployments
GET /api/v1/notifications
GET /api/v1/notifications
GET /api/v1/customer/deployments
GET /api/v1/customer/deployments
GET /api/v1/notifications
GET /api/v1/customer/deployments
GET /api/v1/customer/deployments
GET /api/v1/public/site
GET /api/v1/public/site
GET /api/v1/public/site
GET /api/v1/public/site
POST /api/v1/auth/customer/login
GET /api/v1/customer/teams
GET /api/v1/customer/teams/current
GET /api/v1/customer/wallet
GET /api/v1/customer/wallet/transactions
GET /api/v1/customer/deployments
GET /api/v1/customer/deployments
GET /api/v1/notifications
GET /api/v1/customer/wallet/transactions
GET /api/v1/notifications
GET /api/v1/customer/deployments
GET /api/v1/customer/deployments
GET /api/v1/customer/wallet
GET /api/v1/public/site
GET /api/v1/auth/customer/me
GET /api/v1/public/site
GET /api/v1/auth/customer/me
GET /api/v1/customer/deployments
GET /api/v1/notifications
GET /api/v1/customer/teams
GET /api/v1/customer/teams/current
GET /api/v1/customer/teams/current
GET /api/v1/notifications
GET /api/v1/customer/teams
GET /api/v1/customer/deployments
GET /api/v1/customer/deployments
GET /api/v1/notifications
GET /api/v1/notifications
GET /api/v1/customer/deployments
GET /api/v1/customer/deployments
GET /api/v1/customer/wallet
GET /api/v1/customer/deployments
GET /api/v1/notifications
GET /api/v1/customer/billing/usage
GET /api/v1/customer/billing/usage
GET /api/v1/notifications
GET /api/v1/customer/deployments
GET /api/v1/customer/deployments
GET /api/v1/customer/wallet
GET /api/v1/customer/billing/usage
GET /api/v1/customer/billing/usage
GET /api/v1/auth/customer/me
GET /api/v1/public/site
GET /api/v1/auth/customer/me
GET /api/v1/public/site
GET /api/v1/customer/deployments
GET /api/v1/notifications
GET /api/v1/customer/teams
GET /api/v1/customer/teams/current
GET /api/v1/customer/teams/current
GET /api/v1/customer/teams
GET /api/v1/notifications
GET /api/v1/customer/deployments
GET /api/v1/customer/deployments
GET /api/v1/notifications
GET /api/v1/notifications
GET /api/v1/customer/deployments
GET /api/v1/customer/deployments
GET /api/v1/notifications
GET /api/v1/customer/deployments/10fe2a4c-e662-4965-9dcf-3933f6d00eaa
GET /api/v1/notifications
GET /api/v1/customer/deployments
GET /api/v1/customer/deployments/10fe2a4c-e662-4965-9dcf-3933f6d00eaa
GET /api/v1/customer/wallet
GET /api/v1/customer/deployments/10fe2a4c-e662-4965-9dcf-3933f6d00eaa/usage
GET /api/v1/customer/wallet
GET /api/v1/customer/deployments/10fe2a4c-e662-4965-9dcf-3933f6d00eaa/usage
GET /api/v1/public/site
GET /api/v1/public/site
GET /api/v1/public/site
GET /api/v1/public/site
POST /api/v1/auth/customer/login
GET /api/v1/customer/teams
GET /api/v1/customer/teams/current
GET /api/v1/customer/wallet
GET /api/v1/customer/wallet/transactions
GET /api/v1/customer/deployments
GET /api/v1/customer/deployments
GET /api/v1/notifications
GET /api/v1/customer/wallet/transactions
GET /api/v1/notifications
GET /api/v1/customer/deployments
GET /api/v1/customer/deployments
GET /api/v1/customer/wallet
GET /api/v1/public/site
GET /api/v1/auth/customer/me
GET /api/v1/public/site
GET /api/v1/auth/customer/me
GET /api/v1/customer/deployments
GET /api/v1/notifications
GET /api/v1/customer/teams
GET /api/v1/customer/teams/current
GET /api/v1/customer/teams/current
GET /api/v1/notifications
GET /api/v1/customer/teams
GET /api/v1/customer/deployments
GET /api/v1/customer/deployments
GET /api/v1/notifications
GET /api/v1/notifications
GET /api/v1/customer/deployments
GET /api/v1/customer/deployments
GET /api/v1/customer/deployments
GET /api/v1/notifications
GET /api/v1/notifications
GET /api/v1/customer/deployments
GET /api/v1/customer/deployments
GET /api/v1/auth/customer/me
GET /api/v1/public/site
GET /api/v1/public/site
GET /api/v1/auth/customer/me
GET /api/v1/customer/deployments
GET /api/v1/notifications
GET /api/v1/customer/teams
GET /api/v1/customer/teams/current
GET /api/v1/customer/deployments
GET /api/v1/customer/teams
GET /api/v1/customer/teams/current
GET /api/v1/notifications
GET /api/v1/customer/teams
GET /api/v1/customer/teams/current
GET /api/v1/customer/deployments
GET /api/v1/customer/deployments
GET /api/v1/notifications
GET /api/v1/customer/wallet
GET /api/v1/notifications
GET /api/v1/customer/deployments
GET /api/v1/customer/deployments
GET /api/v1/customer/wallet
GET /api/v1/notifications
GET /api/v1/notifications
[CRON] Running Deployment Billing...
[CRON] Billing 3 deployment(s) — 0 running, 3 stopped (storage only)
[CRON] Hourly billing complete — 0 compute, 3 storage, 0 suspended for insufficient credit, 3 accruing storage debt
GET /api/v1/notifications
GET /api/v1/notifications
GET /api/v1/notifications
GET /api/v1/notifications
GET /api/v1/public/site
GET /api/v1/public/site
GET /api/v1/public/site
GET /api/v1/public/site
POST /api/v1/auth/customer/login
GET /api/v1/customer/teams
GET /api/v1/customer/teams/current
GET /api/v1/customer/wallet
GET /api/v1/customer/deployments
GET /api/v1/customer/wallet/transactions
GET /api/v1/customer/deployments
GET /api/v1/notifications
GET /api/v1/notifications
GET /api/v1/customer/wallet/transactions
GET /api/v1/customer/deployments
GET /api/v1/customer/deployments
GET /api/v1/customer/wallet
GET /api/v1/public/site
GET /api/v1/auth/customer/me
GET /api/v1/customer/teams
GET /api/v1/customer/teams/current
GET /api/v1/public/site
GET /api/v1/auth/customer/me
GET /api/v1/customer/teams/current
GET /api/v1/customer/teams
GET /api/v1/customer/wallet
GET /api/v1/customer/wallet/transactions
GET /api/v1/customer/deployments
GET /api/v1/customer/deployments
GET /api/v1/notifications
GET /api/v1/notifications
GET /api/v1/customer/wallet/transactions
GET /api/v1/customer/deployments
GET /api/v1/customer/deployments
GET /api/v1/customer/wallet
GET /api/v1/customer/wallet
GET /api/v1/customer/wallet/transactions
GET /api/v1/customer/deployments
GET /api/v1/customer/deployments
GET /api/v1/notifications
GET /api/v1/notifications
GET /api/v1/customer/wallet/transactions
GET /api/v1/customer/deployments
GET /api/v1/customer/deployments
GET /api/v1/customer/wallet
GET /api/v1/public/site
GET /api/v1/public/site
GET /api/v1/public/site
GET /api/v1/public/site
POST /api/v1/auth/customer/login
GET /api/v1/customer/teams
GET /api/v1/customer/teams/current
GET /api/v1/customer/wallet
GET /api/v1/customer/wallet/transactions
GET /api/v1/customer/deployments
GET /api/v1/customer/deployments
GET /api/v1/notifications
GET /api/v1/customer/wallet/transactions
GET /api/v1/notifications
GET /api/v1/customer/deployments
GET /api/v1/customer/deployments
GET /api/v1/customer/wallet
GET /api/v1/customer/deployments
GET /api/v1/customer/teams/current
GET /api/v1/customer/teams
GET /api/v1/customer/wallet
GET /api/v1/customer/wallet/transactions
GET /api/v1/customer/deployments
GET /api/v1/customer/wallet/transactions
GET /api/v1/customer/deployments
GET /api/v1/customer/wallet
GET /api/v1/public/site
GET /api/v1/auth/customer/me
GET /api/v1/public/site
GET /api/v1/auth/customer/me
GET /api/v1/customer/deployments
GET /api/v1/customer/teams
GET /api/v1/customer/teams/current
GET /api/v1/notifications
GET /api/v1/customer/teams/current
GET /api/v1/customer/teams
GET /api/v1/notifications
GET /api/v1/customer/deployments
GET /api/v1/customer/deployments
GET /api/v1/notifications
GET /api/v1/notifications
GET /api/v1/customer/deployments
GET /api/v1/customer/wallet
GET /api/v1/customer/deployments
GET /api/v1/customer/deployments
GET /api/v1/notifications
GET /api/v1/notifications
GET /api/v1/customer/deployments
GET /api/v1/customer/deployments
GET /api/v1/customer/wallet
GET /api/v1/auth/customer/me
GET /api/v1/public/site
GET /api/v1/auth/customer/me
GET /api/v1/public/site
GET /api/v1/notifications
GET /api/v1/customer/deployments
GET /api/v1/customer/teams
GET /api/v1/customer/teams/current
GET /api/v1/notifications
GET /api/v1/customer/teams/current
GET /api/v1/customer/teams
GET /api/v1/customer/deployments
GET /api/v1/customer/deployments
GET /api/v1/notifications
GET /api/v1/notifications
GET /api/v1/customer/deployments
GET /api/v1/customer/teams/current/members
GET /api/v1/customer/deployments
GET /api/v1/customer/teams/current/invitations
GET /api/v1/notifications
GET /api/v1/customer/teams/current/members
GET /api/v1/customer/teams/current/invitations
GET /api/v1/notifications
GET /api/v1/customer/deployments
POST /api/v1/customer/teams/current/invitations
GET /api/v1/customer/teams/current/members
GET /api/v1/customer/teams/current/invitations
[EMAIL] Failed to send teamInvite: Invalid login: 451 Authentication failed: Maximum credits exceeded
GET /api/v1/customer/teams
GET /api/v1/customer/deployments
GET /api/v1/customer/teams/current
GET /api/v1/customer/deployments
GET /api/v1/notifications
GET /api/v1/customer/wallet
GET /api/v1/customer/deployments
GET /api/v1/customer/wallet/transactions
GET /api/v1/notifications
GET /api/v1/customer/deployments
GET /api/v1/customer/wallet/transactions
GET /api/v1/customer/deployments
GET /api/v1/customer/wallet
GET /api/v1/public/site
GET /api/v1/public/site
GET /api/v1/public/site
GET /api/v1/public/site
POST /api/v1/auth/customer/login
GET /api/v1/customer/teams
GET /api/v1/customer/teams/current
GET /api/v1/customer/wallet
GET /api/v1/customer/wallet/transactions
GET /api/v1/customer/deployments
GET /api/v1/customer/deployments
GET /api/v1/notifications
GET /api/v1/customer/wallet/transactions
GET /api/v1/notifications
GET /api/v1/customer/deployments
GET /api/v1/customer/deployments
GET /api/v1/customer/wallet
GET /api/v1/public/site
GET /api/v1/auth/customer/me
GET /api/v1/auth/customer/me
GET /api/v1/public/site
GET /api/v1/customer/deployments
GET /api/v1/notifications
GET /api/v1/customer/teams
GET /api/v1/customer/teams/current
GET /api/v1/customer/teams/current
GET /api/v1/notifications
GET /api/v1/customer/teams
GET /api/v1/customer/deployments
GET /api/v1/customer/deployments
GET /api/v1/notifications
GET /api/v1/notifications
GET /api/v1/customer/deployments
GET /api/v1/customer/deployments
GET /api/v1/customer/deployments
GET /api/v1/notifications
GET /api/v1/notifications
GET /api/v1/customer/deployments
GET /api/v1/customer/deployments
GET /api/v1/auth/customer/me
GET /api/v1/public/site
GET /api/v1/auth/customer/me
GET /api/v1/public/site
GET /api/v1/customer/deployments
GET /api/v1/notifications
GET /api/v1/customer/teams
GET /api/v1/customer/teams/current
GET /api/v1/customer/teams/current
GET /api/v1/notifications
GET /api/v1/customer/teams
GET /api/v1/customer/deployments
GET /api/v1/customer/deployments
GET /api/v1/notifications
GET /api/v1/notifications
GET /api/v1/customer/deployments
GET /api/v1/customer/deployments
GET /api/v1/notifications
GET /api/v1/notifications
GET /api/v1/customer/deployments
GET /api/v1/customer/deployments
GET /api/v1/customer/deployments
GET /api/v1/notifications
GET /api/v1/customer/deployments
GET /api/v1/public/site
GET /api/v1/auth/customer/me
GET /api/v1/auth/customer/me
GET /api/v1/public/site
GET /api/v1/customer/deployments
GET /api/v1/notifications
GET /api/v1/customer/teams
GET /api/v1/customer/teams/current
GET /api/v1/customer/teams/current
GET /api/v1/notifications
GET /api/v1/customer/teams
GET /api/v1/customer/deployments
GET /api/v1/customer/deployments
GET /api/v1/notifications
GET /api/v1/notifications
GET /api/v1/customer/deployments
GET /api/v1/customer/deployments
GET /api/v1/customer/deployments
GET /api/v1/notifications
GET /api/v1/notifications
GET /api/v1/customer/deployments
GET /api/v1/customer/deployments
GET /api/v1/auth/customer/me
GET /api/v1/public/site
GET /api/v1/public/site
GET /api/v1/auth/customer/me
GET /api/v1/customer/deployments
GET /api/v1/notifications
GET /api/v1/customer/teams
GET /api/v1/customer/teams/current
GET /api/v1/customer/teams/current
GET /api/v1/notifications
GET /api/v1/customer/teams
GET /api/v1/customer/deployments
GET /api/v1/customer/deployments
GET /api/v1/notifications
GET /api/v1/notifications
GET /api/v1/customer/deployments
GET /api/v1/customer/deployments
GET /api/v1/customer/deployments/8c7604be-6c92-45ef-ad44-dfc84816a178
GET /api/v1/notifications
GET /api/v1/notifications
GET /api/v1/customer/deployments
GET /api/v1/customer/deployments/8c7604be-6c92-45ef-ad44-dfc84816a178
GET /api/v1/customer/deployments/8c7604be-6c92-45ef-ad44-dfc84816a178/usage
GET /api/v1/customer/deployments/8c7604be-6c92-45ef-ad44-dfc84816a178/usage
GET /api/v1/notifications
GET /api/v1/public/site
GET /api/v1/auth/customer/me
GET /api/v1/public/site
GET /api/v1/auth/customer/me
GET /api/v1/customer/deployments
GET /api/v1/notifications
GET /api/v1/customer/teams
GET /api/v1/customer/teams/current
GET /api/v1/customer/teams/current
GET /api/v1/notifications
GET /api/v1/customer/teams
GET /api/v1/customer/deployments
GET /api/v1/customer/deployments
GET /api/v1/notifications
GET /api/v1/notifications
GET /api/v1/customer/deployments
GET /api/v1/customer/deployments
GET /api/v1/customer/teams/current/members
GET /api/v1/notifications
GET /api/v1/customer/teams/current/members
GET /api/v1/notifications
GET /api/v1/customer/deployments
GET /api/v1/public/site
GET /api/v1/public/site
GET /api/v1/public/site
GET /api/v1/public/site
POST /api/v1/auth/customer/login
GET /api/v1/customer/teams
GET /api/v1/customer/teams/current
GET /api/v1/customer/wallet
GET /api/v1/customer/wallet/transactions
GET /api/v1/customer/deployments
GET /api/v1/customer/deployments
GET /api/v1/notifications
GET /api/v1/customer/wallet/transactions
GET /api/v1/notifications
GET /api/v1/customer/deployments
GET /api/v1/customer/deployments
GET /api/v1/customer/wallet
GET /api/v1/public/site
GET /api/v1/auth/customer/me
GET /api/v1/auth/customer/me
GET /api/v1/public/site
GET /api/v1/customer/deployments
GET /api/v1/notifications
GET /api/v1/customer/teams
GET /api/v1/customer/teams/current
GET /api/v1/customer/teams/current
GET /api/v1/notifications
GET /api/v1/customer/teams
GET /api/v1/customer/deployments
GET /api/v1/customer/deployments
GET /api/v1/notifications
GET /api/v1/notifications
GET /api/v1/customer/deployments
GET /api/v1/customer/deployments/8c7604be-6c92-45ef-ad44-dfc84816a178
GET /api/v1/customer/deployments
GET /api/v1/notifications
GET /api/v1/notifications
GET /api/v1/customer/deployments
GET /api/v1/customer/deployments/8c7604be-6c92-45ef-ad44-dfc84816a178
GET /api/v1/customer/deployments/8c7604be-6c92-45ef-ad44-dfc84816a178/usage
GET /api/v1/customer/deployments/8c7604be-6c92-45ef-ad44-dfc84816a178/usage
GET /api/v1/auth/customer/me
GET /api/v1/public/site
GET /api/v1/public/site
GET /api/v1/auth/customer/me
GET /api/v1/customer/deployments
GET /api/v1/notifications
GET /api/v1/customer/teams
GET /api/v1/customer/teams/current
GET /api/v1/customer/teams/current
GET /api/v1/notifications
GET /api/v1/customer/teams
GET /api/v1/customer/deployments
GET /api/v1/customer/deployments
GET /api/v1/notifications
GET /api/v1/notifications
GET /api/v1/customer/deployments
GET /api/v1/customer/deployments
GET /api/v1/notifications
GET /api/v1/notifications
GET /api/v1/customer/deployments
GET /api/v1/customer/deployments
GET /api/v1/notifications
GET /api/v1/customer/deployments
GET /api/v1/customer/deployments
GET /api/v1/public/site
GET /api/v1/public/site
GET /api/v1/public/site
GET /api/v1/public/site
POST /api/v1/auth/customer/login
GET /api/v1/customer/teams
GET /api/v1/customer/teams/current
GET /api/v1/customer/wallet
GET /api/v1/customer/deployments
GET /api/v1/customer/wallet/transactions
GET /api/v1/customer/deployments
GET /api/v1/notifications
GET /api/v1/notifications
GET /api/v1/customer/wallet/transactions
GET /api/v1/customer/deployments
GET /api/v1/customer/deployments
GET /api/v1/customer/wallet
GET /api/v1/public/site
GET /api/v1/auth/customer/me
GET /api/v1/public/site
GET /api/v1/auth/customer/me
GET /api/v1/customer/deployments
GET /api/v1/notifications
GET /api/v1/customer/teams
GET /api/v1/customer/teams/current
GET /api/v1/customer/teams/current
GET /api/v1/customer/teams
GET /api/v1/notifications
GET /api/v1/customer/deployments
GET /api/v1/customer/deployments
GET /api/v1/notifications
GET /api/v1/notifications
GET /api/v1/customer/deployments
GET /api/v1/customer/wallet
GET /api/v1/customer/deployments
GET /api/v1/customer/deployments
GET /api/v1/notifications
GET /api/v1/customer/billing/usage
GET /api/v1/customer/billing/usage
GET /api/v1/notifications
GET /api/v1/customer/deployments
GET /api/v1/customer/deployments
GET /api/v1/customer/wallet
GET /api/v1/customer/billing/usage
GET /api/v1/customer/billing/usage
GET /api/v1/auth/customer/me
GET /api/v1/public/site
GET /api/v1/public/site
GET /api/v1/auth/customer/me
GET /api/v1/customer/deployments
GET /api/v1/notifications
GET /api/v1/customer/teams
GET /api/v1/customer/teams/current
GET /api/v1/customer/teams/current
GET /api/v1/customer/teams
GET /api/v1/notifications
GET /api/v1/customer/deployments
GET /api/v1/customer/deployments
GET /api/v1/notifications
GET /api/v1/notifications
GET /api/v1/customer/deployments
GET /api/v1/customer/deployments
GET /api/v1/customer/deployments/8c7604be-6c92-45ef-ad44-dfc84816a178
GET /api/v1/notifications
GET /api/v1/notifications
GET /api/v1/customer/deployments
GET /api/v1/customer/deployments/8c7604be-6c92-45ef-ad44-dfc84816a178
GET /api/v1/customer/wallet
GET /api/v1/customer/deployments/8c7604be-6c92-45ef-ad44-dfc84816a178/usage
GET /api/v1/customer/wallet
GET /api/v1/customer/deployments/8c7604be-6c92-45ef-ad44-dfc84816a178/usage
GET /api/v1/public/site
GET /api/v1/public/site
GET /api/v1/public/site
GET /api/v1/public/site
POST /api/v1/auth/customer/login
GET /api/v1/customer/teams
GET /api/v1/customer/teams/current
GET /api/v1/customer/wallet
GET /api/v1/customer/wallet/transactions
GET /api/v1/customer/deployments
GET /api/v1/customer/deployments
GET /api/v1/notifications
GET /api/v1/notifications
GET /api/v1/customer/wallet/transactions
GET /api/v1/customer/wallet
GET /api/v1/customer/deployments
GET /api/v1/customer/deployments
GET /api/v1/public/site
GET /api/v1/auth/customer/me
GET /api/v1/public/site
GET /api/v1/auth/customer/me
GET /api/v1/customer/deployments
GET /api/v1/notifications
GET /api/v1/customer/teams
GET /api/v1/customer/teams/current
GET /api/v1/customer/teams/current
GET /api/v1/notifications
GET /api/v1/customer/teams
GET /api/v1/customer/deployments
GET /api/v1/customer/deployments
GET /api/v1/notifications
GET /api/v1/notifications
GET /api/v1/customer/deployments
GET /api/v1/customer/deployments
GET /api/v1/customer/deployments
GET /api/v1/notifications
GET /api/v1/notifications
GET /api/v1/customer/deployments
GET /api/v1/customer/deployments
GET /api/v1/auth/customer/me
GET /api/v1/public/site
GET /api/v1/public/site
GET /api/v1/auth/customer/me
GET /api/v1/customer/deployments
GET /api/v1/notifications
GET /api/v1/customer/teams
GET /api/v1/customer/teams/current
GET /api/v1/customer/deployments
GET /api/v1/customer/teams
GET /api/v1/customer/teams/current
GET /api/v1/notifications
GET /api/v1/customer/teams
GET /api/v1/customer/teams/current
GET /api/v1/customer/deployments
GET /api/v1/customer/deployments
GET /api/v1/customer/wallet
GET /api/v1/notifications
GET /api/v1/notifications
GET /api/v1/customer/deployments
GET /api/v1/customer/deployments
GET /api/v1/customer/wallet
GET /api/v1/notifications
GET /api/v1/notifications
GET /api/v1/notifications
GET /api/v1/notifications
GET /api/v1/notifications
[CRON] Running Low Balance Warnings...
[CRON] Running Deployment Billing...
[CRON] Billing 3 deployment(s) — 0 running, 3 stopped (storage only)
[CRON] Hourly billing complete — 0 compute, 3 storage, 0 suspended for insufficient credit, 3 accruing storage debt
GET /api/v1/notifications
GET /api/v1/notifications
GET /api/v1/notifications
GET /api/v1/notifications
GET /api/v1/notifications
GET /api/v1/notifications
GET /api/v1/notifications
GET /api/v1/notifications
GET /api/v1/notifications
